separator ;
nfields 1
#
	0.00000e+00 26 	Ã  ; id _9 ; pos_index 15 ; pos_index_score 0 ; pos PRE ; 
	0.00000e+00 26 	neuf_heures ; id _10 ; pos_index 7 ; pos_index_score 0 ; pos ART:def ; 
	0.00000e+00 26 	cinq ; id _11 ; pos_index 13 ; pos_index_score 0 ; pos NOM ; 
	0.00000e+00 26 	il ; id _12 ; pos_index 19 ; pos_index_score 0 ; pos PRO:per ; 
	0.00000e+00 26 	prend ; id _13 ; pos_index 22 ; pos_index_score 0 ; pos VER ; 
	0.00000e+00 26 	le ; id _14 ; pos_index 7 ; pos_index_score 0 ; pos ART:def ; 
	0.00000e+00 26 	train ; id _15 ; pos_index 13 ; pos_index_score 0 ; pos NOM ; pbreak B ; 
