separator ;
nfields 1
#
	0.00000e+00 26 	deux ; id _3 ; pos_index 13 ; pos_index_score 0 ; pos NOM ; 
	0.00000e+00 26 	trois ; id _6 ; pos_index 13 ; pos_index_score 0 ; pos NOM ; 
	0.00000e+00 26 	deux ; id _9 ; pos_index 4 ; pos_index_score 0 ; pos ADJ:num ; 
	0.00000e+00 26 	points ; id _10 ; pos_index 13 ; pos_index_score 0 ; pos NOM ; 
	0.00000e+00 26 	quatre ; id _13 ; pos_index 13 ; pos_index_score 0 ; pos NOM ; 
	0.00000e+00 26 	cinq ; id _16 ; pos_index 13 ; pos_index_score 0 ; pos NOM ; 
	0.00000e+00 26 	deux ; id _19 ; pos_index 4 ; pos_index_score 0 ; pos ADJ:num ; 
	0.00000e+00 26 	points ; id _20 ; pos_index 13 ; pos_index_score 0 ; pos NOM ; 
	0.00000e+00 26 	un ; id _23 ; pos_index 8 ; pos_index_score 0 ; pos ART:ind ; 
	0.00000e+00 26 	z√©ro ; id _26 ; pos_index 13 ; pos_index_score 0 ; pos NOM ; pbreak B ; 
