separator ;
nfields 1
#
	0.00000e+00 26 	vingt ; id _4 ; pos_index 4 ; pos_index_score 0 ; pos ADJ:num ; 
	0.00000e+00 26 	cinq ; id _5 ; pos_index 4 ; pos_index_score 0 ; pos ADJ:num ; 
	0.00000e+00 26 	avril ; id _6 ; pos_index 13 ; pos_index_score 0 ; pos NOM ; 
	0.00000e+00 26 	mille ; id _7 ; pos_index 4 ; pos_index_score 0 ; pos ADJ:num ; 
	0.00000e+00 26 	neuf ; id _8 ; pos_index 4 ; pos_index_score 0 ; pos ADJ:num ; 
	0.00000e+00 26 	cent ; id _9 ; pos_index 4 ; pos_index_score 0 ; pos ADJ:num ; 
	0.00000e+00 26 	trente ; id _10 ; pos_index 4 ; pos_index_score 0 ; pos ADJ:num ; 
	0.00000e+00 26 	deux ; id _11 ; pos_index 4 ; pos_index_score 0 ; pos ADJ:num ; pbreak B ; 
