separator ;
nfields 1
#
	0.00000e+00 26 	t ; id _4 ; pos_index 21 ; pos_index_score 0 ; pos PRO:rel ; 
	0.00000e+00 26 	le ; id _5 ; pos_index 7 ; pos_index_score 0 ; pos ART:def ; 
	0.00000e+00 26 	backslash ; id _7 ; pos_index 22 ; pos_index_score 0 ; pos VER ; pbreak B ; 
