separator ;
nfields 1
#
	0.00000e+00 26 	Aix_en_provence ; id _3 ; pos_index 15 ; pos_index_score 0 ; pos PRE ; 
	0.00000e+00 26 	Aix_les_bains ; id _4 ; pos_index 19 ; pos_index_score 0 ; pos PRO:per ; pbreak B ; 
