separator ;
nfields 1
#
	0.00000e+00 26 	brainstorming ; id _2 ; pos_index 13 ; pos_index_score 0 ; pos NOM ; pbreak B ; 
