separator ;
nfields 1
#
	0.00000e+00 26 	c_est ; id _8 ; pos_index 9 ; pos_index_score 0 ; pos AUX ; 
	0.00000e+00 26 	laid ; id _9 ; pos_index 0 ; pos_index_score 0 ; pos ADJ ; 
	0.00000e+00 26 	un ; id _10 ; pos_index 8 ; pos_index_score 0 ; pos ART:ind ; 
	0.00000e+00 26 	palmier ; id _11 ; pos_index 13 ; pos_index_score 0 ; pos NOM ; 
	0.00000e+00 26 	sans ; id _12 ; pos_index 15 ; pos_index_score 0 ; pos PRE ; 
	0.00000e+00 26 	feuille ; id _13 ; pos_index 13 ; pos_index_score 0 ; pos NOM ; pbreak B ; 
