separator ;
nfields 1
#
	0.00000e+00 26 	c_est_Ã _dire ; id _3 ; pos_index 6 ; pos_index_score 0 ; pos ADV ; pbreak B ; 
