separator ;
nfields 1
#
	0.00000e+00 26 	ce ; id _13 ; pos_index 1 ; pos_index_score 0 ; pos ADJ:dem ; 
	0.00000e+00 26 	café ; id _14 ; pos_index 13 ; pos_index_score 0 ; pos NOM ; 
	0.00000e+00 26 	était ; id _15 ; pos_index 22 ; pos_index_score 0 ; pos VER ; 
	0.00000e+00 26 	tout ; id _16 ; pos_index 6 ; pos_index_score 0 ; pos ADV ; 
	0.00000e+00 26 	ce ; id _17 ; pos_index 16 ; pos_index_score 0 ; pos PRO:dem ; 
	0.00000e+00 26 	qu_il ; id _18 ; pos_index 19 ; pos_index_score 0 ; pos PRO:per ; 
	0.00000e+00 26 	y_a ; id _19 ; pos_index 22 ; pos_index_score 0 ; pos VER ; 
	0.00000e+00 26 	de_plus ; id _20 ; pos_index 6 ; pos_index_score 0 ; pos ADV ; 
	0.00000e+00 26 	fort ; id _21 ; pos_index 6 ; pos_index_score 0 ; pos ADV ; pbreak B ; 
