separator ;
nfields 1
#
	0.00000e+00 26 	cabus ; id _10 ; pos_index 19 ; pos_index_score 0 ; pos PRO:per ; 
	0.00000e+00 26 	inclus ; id _11 ; pos_index 22 ; pos_index_score 0 ; pos VER ; 
	0.00000e+00 26 	perclus ; id _12 ; pos_index 0 ; pos_index_score 0 ; pos ADJ ; 
	0.00000e+00 26 	j√©sus ; id _13 ; pos_index 13 ; pos_index_score 0 ; pos NOM ; 
	0.00000e+00 26 	intrus ; id _14 ; pos_index 0 ; pos_index_score 0 ; pos ADJ ; 
	0.00000e+00 26 	merlus ; id _15 ; pos_index 15 ; pos_index_score 0 ; pos PRE ; 
	0.00000e+00 26 	actus ; id _16 ; pos_index 22 ; pos_index_score 0 ; pos VER ; 
	0.00000e+00 26 	cabus ; id _17 ; pos_index 7 ; pos_index_score 0 ; pos ART:def ; 
	0.00000e+00 26 	cocus ; id _18 ; pos_index 13 ; pos_index_score 0 ; pos NOM ; pbreak B ; 
