separator ;
nfields 1
#
	0.00000e+00 26 	Cela ; id _6 ; pos_index 16 ; pos_index_score 0 ; pos PRO:dem ; 
	0.00000e+00 26 	est ; id _7 ; pos_index 22 ; pos_index_score 0 ; pos VER ; 
	0.00000e+00 26 	des ; id _8 ; pos_index 8 ; pos_index_score 0 ; pos ART:ind ; 
	0.00000e+00 26 	plus ; id _9 ; pos_index 6 ; pos_index_score 0 ; pos ADV ; 
	0.00000e+00 26 	immoral ; id _10 ; pos_index 0 ; pos_index_score 0 ; pos ADJ ; pbreak B ; 
