separator ;
nfields 1
#
	0.00000e+00 26 	chapitre ; id _2 ; pos_index 22 ; pos_index_score 0 ; pos VER ; 
	0.00000e+00 26 	dix ; id _3 ; pos_index 4 ; pos_index_score 0 ; pos ADJ:num ; pbreak B ; 
