separator ;
nfields 1
#
	0.00000e+00 26 	comme ; id _8 ; pos_index 10 ; pos_index_score 0 ; pos CON ; 
	0.00000e+00 26 	on ; id _9 ; pos_index 19 ; pos_index_score 0 ; pos PRO:per ; 
	0.00000e+00 26 	dit ; id _10 ; pos_index 22 ; pos_index_score 0 ; pos VER ; 
	0.00000e+00 26 	autre ; id _11 ; pos_index 0 ; pos_index_score 0 ; pos ADJ ; 
	0.00000e+00 26 	temps ; id _12 ; pos_index 13 ; pos_index_score 0 ; pos NOM ; 
	0.00000e+00 26 	autre ; id _13 ; pos_index 0 ; pos_index_score 0 ; pos ADJ ; 
	0.00000e+00 26 	moeurs ; id _14 ; pos_index 13 ; pos_index_score 0 ; pos NOM ; pbreak B ; 
