separator ;
nfields 1
#
	0.00000e+00 26 	de ; id _6 ; pos_index 15 ; pos_index_score 0 ; pos PRE ; 
	0.00000e+00 26 	tout ; id _7 ; pos_index 13 ; pos_index_score 0 ; pos NOM ; 
	0.00000e+00 26 	quoi ; id _8 ; pos_index 21 ; pos_index_score 0 ; pos PRO:rel ; 
	0.00000e+00 26 	il ; id _9 ; pos_index 19 ; pos_index_score 0 ; pos PRO:per ; 
	0.00000e+00 26 	r√©sulte ; id _10 ; pos_index 22 ; pos_index_score 0 ; pos VER ; pbreak B ; 
