separator ;
nfields 1
#
	0.00000e+00 26 	demi ; id _11 ; pos_index 0 ; pos_index_score 0 ; pos ADJ ; 
	0.00000e+00 26 	hiatus ; id _12 ; pos_index 13 ; pos_index_score 0 ; pos NOM ; 
	0.00000e+00 26 	rencontre ; id _13 ; pos_index 22 ; pos_index_score 0 ; pos VER ; 
	0.00000e+00 26 	de ; id _14 ; pos_index 15 ; pos_index_score 0 ; pos PRE ; 
	0.00000e+00 26 	deux ; id _15 ; pos_index 4 ; pos_index_score 0 ; pos ADJ:num ; 
	0.00000e+00 26 	voyelles ; id _16 ; pos_index 13 ; pos_index_score 0 ; pos NOM ; 
	0.00000e+00 26 	dissimulée ; id _17 ; pos_index 22 ; pos_index_score 0 ; pos VER ; 
	0.00000e+00 26 	par ; id _18 ; pos_index 15 ; pos_index_score 0 ; pos PRE ; 
	0.00000e+00 26 	une ; id _19 ; pos_index 8 ; pos_index_score 0 ; pos ART:ind ; 
	0.00000e+00 26 	élision ; id _20 ; pos_index 13 ; pos_index_score 0 ; pos NOM ; pbreak B ; 
