separator ;
nfields 1
#
	0.00000e+00 26 	des ; id _4 ; pos_index 8 ; pos_index_score 0 ; pos ART:ind ; 
	0.00000e+00 26 	gens ; id _5 ; pos_index 13 ; pos_index_score 0 ; pos NOM ; 
	0.00000e+00 26 	avertis ; id _6 ; pos_index 0 ; pos_index_score 0 ; pos ADJ ; pbreak B ; 
