separator ;
nfields 1
#
	0.00000e+00 26 	Ã _jeun ; id _5 ; pos_index 6 ; pos_index_score 0 ; pos ADV ; 
	0.00000e+00 26 	en ; id _6 ; pos_index 15 ; pos_index_score 0 ; pos PRE ; 
	0.00000e+00 26 	avril ; id _7 ; pos_index 13 ; pos_index_score 0 ; pos NOM ; pbreak B ; 
