separator ;
nfields 1
#
	0.00000e+00 26 	Ã©couter ; id _6 ; pos_index 22 ; pos_index_score 0 ; pos VER ; 
	0.00000e+00 26 	de ; id _7 ; pos_index 15 ; pos_index_score 0 ; pos PRE ; 
	0.00000e+00 26 	toutes ; id _8 ; pos_index 0 ; pos_index_score 0 ; pos ADJ ; 
	0.00000e+00 26 	ses ; id _9 ; pos_index 5 ; pos_index_score 0 ; pos ADJ:pos ; 
	0.00000e+00 26 	oreilles ; id _10 ; pos_index 13 ; pos_index_score 0 ; pos NOM ; pbreak B ; 
