separator ;
nfields 1
#
	0.00000e+00 26 	Elle ; id _9 ; pos_index 19 ; pos_index_score 0 ; pos PRO:per ; 
	0.00000e+00 26 	n_avait ; id _10 ; pos_index 9 ; pos_index_score 0 ; pos AUX ; 
	0.00000e+00 26 	pas ; id _11 ; pos_index 6 ; pos_index_score 0 ; pos ADV ; 
	0.00000e+00 26 	dormi ; id _12 ; pos_index 22 ; pos_index_score 0 ; pos VER ; 
	0.00000e+00 26 	de ; id _13 ; pos_index 15 ; pos_index_score 0 ; pos PRE ; 
	0.00000e+00 26 	la ; id _14 ; pos_index 7 ; pos_index_score 0 ; pos ART:def ; 
	0.00000e+00 26 	nuit ; id _15 ; pos_index 13 ; pos_index_score 0 ; pos NOM ; pbreak B ; 
