separator ;
nfields 1
#
	0.00000e+00 26 	entre ; id _10 ; pos_index 15 ; pos_index_score 0 ; pos PRE ; 
	0.00000e+00 26 	le ; id _11 ; pos_index 7 ; pos_index_score 0 ; pos ART:def ; 
	0.00000e+00 26 	nom ; id _12 ; pos_index 13 ; pos_index_score 0 ; pos NOM ; 
	0.00000e+00 26 	et ; id _13 ; pos_index 10 ; pos_index_score 0 ; pos CON ; 
	0.00000e+00 26 	l_adjectif ; id _14 ; pos_index 0 ; pos_index_score 0 ; pos ADJ ; 
	0.00000e+00 26 	qui ; id _15 ; pos_index 21 ; pos_index_score 0 ; pos PRO:rel ; 
	0.00000e+00 26 	le ; id _16 ; pos_index 19 ; pos_index_score 0 ; pos PRO:per ; 
	0.00000e+00 26 	précède ; id _17 ; pos_index 22 ; pos_index_score 0 ; pos VER ; pbreak B ; 
