separator ;
nfields 1
#
	0.00000e+00 26 	exception ; id _5 ; pos_index 13 ; pos_index_score 0 ; pos NOM ; 
	0.00000e+00 26 	à ; id _6 ; pos_index 15 ; pos_index_score 0 ; pos PRE ; 
	0.00000e+00 26 	la ; id _7 ; pos_index 7 ; pos_index_score 0 ; pos ART:def ; 
	0.00000e+00 26 	française ; id _8 ; pos_index 13 ; pos_index_score 0 ; pos NOM ; pbreak B ; 
