separator ;
nfields 1
#
	0.00000e+00 26 	il ; id _6 ; pos_index 19 ; pos_index_score 0 ; pos PRO:per ; 
	0.00000e+00 26 	s_en ; id _7 ; pos_index 19 ; pos_index_score 0 ; pos PRO:per ; 
	0.00000e+00 26 	ait ; id _8 ; pos_index 9 ; pos_index_score 0 ; pos AUX ; 
	0.00000e+00 26 	pris ; id _9 ; pos_index 22 ; pos_index_score 0 ; pos VER ; pbreak B ; 
