separator ;
nfields 1
#
	0.00000e+00 26 	Il_y_a ; id _9 ; pos_index 9 ; pos_index_score 0 ; pos AUX ; 
	0.00000e+00 26 	eu ; id _10 ; pos_index 22 ; pos_index_score 0 ; pos VER ; 
	0.00000e+00 26 	mille ; id _11 ; pos_index 4 ; pos_index_score 0 ; pos ADJ:num ; 
	0.00000e+00 26 	soldats ; id _12 ; pos_index 13 ; pos_index_score 0 ; pos NOM ; 
	0.00000e+00 26 	de ; id _13 ; pos_index 15 ; pos_index_score 0 ; pos PRE ; 
	0.00000e+00 26 	tu√©s ; id _14 ; pos_index 13 ; pos_index_score 0 ; pos NOM ; pbreak B ; 
