separator ;
nfields 1
#
	0.00000e+00 26 	J_ai ; id _6 ; pos_index 9 ; pos_index_score 0 ; pos AUX ; 
	0.00000e+00 26 	agi ; id _7 ; pos_index 22 ; pos_index_score 0 ; pos VER ; 
	0.00000e+00 26 	de ; id _8 ; pos_index 15 ; pos_index_score 0 ; pos PRE ; 
	0.00000e+00 26 	moi_mÃªme ; id _9 ; pos_index 19 ; pos_index_score 0 ; pos PRO:per ; pbreak B ; 
