separator ;
nfields 1
#
	0.00000e+00 26 	j_y ; id _10 ; pos_index 6 ; pos_index_score 0 ; pos ADV ; 
	0.00000e+00 26 	irais ; id _11 ; pos_index 22 ; pos_index_score 0 ; pos VER ; 
	0.00000e+00 26 	plus ; id _12 ; pos_index 6 ; pos_index_score 0 ; pos ADV ; 
	0.00000e+00 26 	souvent ; id _13 ; pos_index 6 ; pos_index_score 0 ; pos ADV ; 
	0.00000e+00 26 	si ; id _14 ; pos_index 10 ; pos_index_score 0 ; pos CON ; 
	0.00000e+00 26 	je ; id _15 ; pos_index 19 ; pos_index_score 0 ; pos PRO:per ; 
	0.00000e+00 26 	le ; id _16 ; pos_index 19 ; pos_index_score 0 ; pos PRO:per ; 
	0.00000e+00 26 	pouvais ; id _17 ; pos_index 22 ; pos_index_score 0 ; pos VER ; pbreak B ; 
