separator ;
nfields 1
#
	0.00000e+00 26 	L_argot ; id _8 ; pos_index 13 ; pos_index_score 0 ; pos NOM ; 
	0.00000e+00 26 	est ; id _9 ; pos_index 22 ; pos_index_score 0 ; pos VER ; 
	0.00000e+00 26 	de_plus ; id _10 ; pos_index 6 ; pos_index_score 0 ; pos ADV ; 
	0.00000e+00 26 	instructif ; id _11 ; pos_index 0 ; pos_index_score 0 ; pos ADJ ; 
	0.00000e+00 26 	parenthèse ; id _12 ; pos_index 13 ; pos_index_score 0 ; pos NOM ; 
	0.00000e+00 26 	ouvrante ; id _13 ; pos_index 15 ; pos_index_score 0 ; pos PRE ; 
	0.00000e+00 26 	Bruneau ; id _14 ; pos_index 7 ; pos_index_score 0 ; pos ART:def ; 
	0.00000e+00 26 	parenthèse ; id _15 ; pos_index 13 ; pos_index_score 0 ; pos NOM ; 
	0.00000e+00 26 	fermante ; id _16 ; pos_index 0 ; pos_index_score 0 ; pos ADJ ; pbreak B ; 
