separator ;
nfields 1
#
	0.00000e+00 26 	En ; id _7 ; pos_index 15 ; pos_index_score 0 ; pos PRE ; 
	0.00000e+00 26 	elle ; id _8 ; pos_index 19 ; pos_index_score 0 ; pos PRO:per ; 
	0.00000e+00 26 	elle ; id _9 ; pos_index 19 ; pos_index_score 0 ; pos PRO:per ; 
	0.00000e+00 26 	se ; id _10 ; pos_index 19 ; pos_index_score 0 ; pos PRO:per ; 
	0.00000e+00 26 	retrouve ; id _11 ; pos_index 22 ; pos_index_score 0 ; pos VER ; 
	0.00000e+00 26 	toute ; id _12 ; pos_index 0 ; pos_index_score 0 ; pos ADJ ; pbreak B ; 
