separator ;
nfields 1
#
	0.00000e+00 26 	Digne ; id _4 ; pos_index 0 ; pos_index_score 0 ; pos ADJ ; 
	0.00000e+00 26 	d_estime ; id _5 ; pos_index 13 ; pos_index_score 0 ; pos NOM ; pbreak B ; 
