separator ;
nfields 1
#
	0.00000e+00 26 	Il ; id _9 ; pos_index 19 ; pos_index_score 0 ; pos PRO:per ; 
	0.00000e+00 26 	est ; id _10 ; pos_index 22 ; pos_index_score 0 ; pos VER ; 
	0.00000e+00 26 	pourtant ; id _11 ; pos_index 6 ; pos_index_score 0 ; pos ADV ; 
	0.00000e+00 26 	issu ; id _12 ; pos_index 0 ; pos_index_score 0 ; pos ADJ ; 
	0.00000e+00 26 	d_une ; id _13 ; pos_index 4 ; pos_index_score 0 ; pos ADJ:num ; 
	0.00000e+00 26 	bonne ; id _14 ; pos_index 0 ; pos_index_score 0 ; pos ADJ ; 
	0.00000e+00 26 	famille ; id _15 ; pos_index 13 ; pos_index_score 0 ; pos NOM ; pbreak B ; 
