separator ;
nfields 1
#
	0.00000e+00 26 	Voilà ; id _6 ; pos_index 22 ; pos_index_score 0 ; pos VER ; 
	0.00000e+00 26 	une ; id _7 ; pos_index 8 ; pos_index_score 0 ; pos ART:ind ; 
	0.00000e+00 26 	semaine ; id _8 ; pos_index 13 ; pos_index_score 0 ; pos NOM ; 
	0.00000e+00 26 	de ; id _9 ; pos_index 15 ; pos_index_score 0 ; pos PRE ; 
	0.00000e+00 26 	passée ; id _10 ; pos_index 22 ; pos_index_score 0 ; pos VER ; pbreak B ; 
