separator ;
nfields 1
#
	0.00000e+00 26 	il ; id _7 ; pos_index 19 ; pos_index_score 0 ; pos PRO:per ; 
	0.00000e+00 26 	peut ; id _8 ; pos_index 22 ; pos_index_score 0 ; pos VER ; 
	0.00000e+00 26 	arriver ; id _9 ; pos_index 22 ; pos_index_score 0 ; pos VER ; 
	0.00000e+00 26 	n_importe_quand ; id _10 ; pos_index 22 ; pos_index_score 0 ; pos VER ; pbreak B ; 
