separator ;
nfields 1
#
	0.00000e+00 26 	Vous ; id _11 ; pos_index 19 ; pos_index_score 0 ; pos PRO:per ; 
	0.00000e+00 26 	en ; id _12 ; pos_index 15 ; pos_index_score 0 ; pos PRE ; 
	0.00000e+00 26 	doutez ; id _13 ; pos_index 22 ; pos_index_score 0 ; pos VER ; 
	0.00000e+00 26 	Maguerite ; id _14 ; pos_index 7 ; pos_index_score 0 ; pos ART:def ; 
	0.00000e+00 26 	Duras ; id _15 ; pos_index 12 ; pos_index_score 0 ; pos NAM ; 
	0.00000e+00 26 	est ; id _16 ; pos_index 22 ; pos_index_score 0 ; pos VER ; 
	0.00000e+00 26 	une ; id _17 ; pos_index 8 ; pos_index_score 0 ; pos ART:ind ; 
	0.00000e+00 26 	femme ; id _18 ; pos_index 13 ; pos_index_score 0 ; pos NOM ; 
	0.00000e+00 26 	de ; id _19 ; pos_index 15 ; pos_index_score 0 ; pos PRE ; 
	0.00000e+00 26 	lettres ; id _20 ; pos_index 13 ; pos_index_score 0 ; pos NOM ; pbreak B ; 
