separator ;
nfields 1
#
	0.00000e+00 26 	Lequel ; id _6 ; pos_index 21 ; pos_index_score 0 ; pos PRO:rel ; 
	0.00000e+00 26 	a ; id _7 ; pos_index 9 ; pos_index_score 0 ; pos AUX ; 
	0.00000e+00 26 	tué ; id _8 ; pos_index 22 ; pos_index_score 0 ; pos VER ; 
	0.00000e+00 26 	son ; id _9 ; pos_index 5 ; pos_index_score 0 ; pos ADJ:pos ; 
	0.00000e+00 26 	frère ; id _10 ; pos_index 13 ; pos_index_score 0 ; pos NOM ; pbreak B ; 
