separator ;
nfields 1
#
	0.00000e+00 26 	Sa ; id _4 ; pos_index 5 ; pos_index_score 0 ; pos ADJ:pos ; 
	0.00000e+00 26 	Majest√© ; id _5 ; pos_index 13 ; pos_index_score 0 ; pos NOM ; 
	0.00000e+00 26 	la ; id _6 ; pos_index 7 ; pos_index_score 0 ; pos ART:def ; 
	0.00000e+00 26 	mouche ; id _7 ; pos_index 13 ; pos_index_score 0 ; pos NOM ; pbreak B ; 
